<?xml version="1.0" encoding="UTF-8"?>
<bom xmlns="http://cyclonedx.org/schema/bom/1.2" xmlns:bd="http://cyclonedx.org/schema/ext/bom-descriptor/1.0" xmlns:v="http://cyclonedx.org/schema/ext/vulnerability/1.0" version="1" serialNumber="urn:uuid:fe8abf60-4667-4b75-b1ed-da5a98fb2b0f">
  <components>
    <component type="library">
      <name>package-1</name>
      <version>1.0.1</version>
      <v:vulnerabilities ref="urn:uuid:6153f868-34f8-48be-bdb8-f10d8a2a611a">
        <v:id>CVE-1999-0001</v:id>
        <v:source v:name="source-1">
          <v:url>http://cve.mitre.org/cgi-bin/cvename.cgi?name=CVE-1999-0001</v:url>
        </v:source>
        <v:ratings>
          <v:score>
            <v:base>4</v:base>
            <v:impact>0</v:impact>
            <v:exploitability>0</v:exploitability>
          </v:score>
          <v:severity>Low</v:severity>
          <v:method>CVSSv3</v:method>
          <v:vector>another vector</v:vector>
        </v:ratings>
        <v:description>1999-01 description</v:description>
        <v:advisories></v:advisories>
      </v:vulnerabilities>
      <v:vulnerabilities ref="urn:uuid:e40a604f-9af6-46ff-b22b-f4108ae7c1a8">
        <v:id>CVE-1999-0002</v:id>
        <v:source v:name="source-2">
          <v:url>http://cve.mitre.org/cgi-bin/cvename.cgi?name=CVE-1999-0002</v:url>
        </v:source>
        <v:ratings>
          <v:score>
            <v:base>1</v:base>
            <v:impact>3</v:impact>
            <v:exploitability>2</v:exploitability>
          </v:score>
          <v:severity>Critical</v:severity>
          <v:method>CVSSv2</v:method>
          <v:vector>vector</v:vector>
        </v:ratings>
        <v:description>1999-02 description</v:description>
        <v:advisories></v:advisories>
      </v:vulnerabilities>
    </component>
    <component type="library">
      <name>package-2</name>
      <version>2.0.1</version>
      <licenses>
        <license>
          <name>MIT</name>
        </license>
        <license>
          <name>Apache-v2</name>
        </license>
      </licenses>
    </component>
  </components>
  <bd:metadata>
    <bd:timestamp>2020-09-16T11:48:35-04:00</bd:timestamp>
    <bd:tool>
      <bd:vendor>anchore</bd:vendor>
      <bd:name>syft</bd:name>
      <bd:version>[not provided]</bd:version>
    </bd:tool>
    <bd:component type="container">
      <name>index.docker.io/library/anchore-fixture-image-simple</name>
      <version>04e16e44161c8888a1a963720fd0443cbf7eef8101434c431de8725cd98cc9f7</version>
    </bd:component>
  </bd:metadata>
</bom>