<?xml version="1.0" encoding="UTF-8"?>
<bom xmlns="http://cyclonedx.org/schema/bom/1.2" xmlns:bd="http://cyclonedx.org/schema/ext/bom-descriptor/1.0" xmlns:v="http://cyclonedx.org/schema/ext/vulnerability/1.0" version="1" serialNumber="urn:uuid:28762d6d-78d7-497d-9b26-4ca4cc05530e">
  <components>
    <component type="library">
      <name>package-1</name>
      <version>1.0.1</version>
      <v:vulnerabilities ref="urn:uuid:03ea070c-0b32-4364-8f91-1a4c1cee7693">
        <v:id>CVE-1999-0001</v:id>
        <v:source v:name="source-1">
          <v:url>http://cve.mitre.org/cgi-bin/cvename.cgi?name=CVE-1999-0001</v:url>
        </v:source>
        <v:ratings>
          <v:score>
            <v:base>4</v:base>
            <v:impact>0</v:impact>
            <v:exploitability>0</v:exploitability>
          </v:score>
          <v:severity>Low</v:severity>
          <v:method>CVSSv3</v:method>
          <v:vector>another vector</v:vector>
        </v:ratings>
        <v:description>1999-01 description</v:description>
        <v:advisories></v:advisories>
      </v:vulnerabilities>
      <v:vulnerabilities ref="urn:uuid:c05a9235-bb92-46ae-bcc5-d7231142f5ee">
        <v:id>CVE-1999-0002</v:id>
        <v:source v:name="source-2">
          <v:url>http://cve.mitre.org/cgi-bin/cvename.cgi?name=CVE-1999-0002</v:url>
        </v:source>
        <v:ratings>
          <v:score>
            <v:base>1</v:base>
            <v:impact>3</v:impact>
            <v:exploitability>2</v:exploitability>
          </v:score>
          <v:severity>Critical</v:severity>
          <v:method>CVSSv2</v:method>
          <v:vector>vector</v:vector>
        </v:ratings>
        <v:description>1999-02 description</v:description>
        <v:advisories></v:advisories>
      </v:vulnerabilities>
    </component>
    <component type="library">
      <name>package-2</name>
      <version>2.0.1</version>
      <licenses>
        <license>
          <name>MIT</name>
        </license>
        <license>
          <name>Apache-v2</name>
        </license>
      </licenses>
    </component>
  </components>
  <bd:metadata>
    <bd:timestamp>2020-09-16T11:48:40-04:00</bd:timestamp>
    <bd:tool>
      <bd:vendor>anchore</bd:vendor>
      <bd:name>syft</bd:name>
      <bd:version>[not provided]</bd:version>
    </bd:tool>
    <bd:component type="file">
      <name>/some/path</name>
      <version></version>
    </bd:component>
  </bd:metadata>
</bom>